Microchip MPLAB XC8 Compiler V2.46

Linker command line:

-W-3 \
  --edf=C:\Program Files\Microchip\xc8\v2.46\pic\dat\20240104201356_en.msgs \
  -cn -h+dist/default/production\code.production.sym \
  --cmf=dist/default/production\code.production.cmf -z -Q18F4620 \
  -oC:\Users\ah427\AppData\Local\Temp\xcAs2qg.\driver_tmp_3.o \
  --defsym=__MPLAB_BUILD=1 --fixupoverflow=error \
  -Mdist/default/production/code.production.map \
  --md=C:\Users\ah427\AppData\Local\Temp\xcAs2qg.\driver_tmp_0.dat -E1 \
  -ver=XC8 Compiler --acfsm=1493 -ACODE=00h-0FFFFh -ACONST=00h-0FFFFh \
  -ASMALLCONST=01000h-010FFhx240 -AMEDIUMCONST=01000h-0FFFFh \
  -ACOMRAM=01h-07Fh -AABS1=00h-0F7Fh -ABIGRAM=01h-0F7Fh \
  -ARAM=080h-0FFh,0100h-01FFhx14,0F00h-0F7Fh -ABANK0=080h-0FFh \
  -ABANK1=0100h-01FFh -ABANK2=0200h-02FFh -ABANK3=0300h-03FFh \
  -ABANK4=0400h-04FFh -ABANK5=0500h-05FFh -ABANK6=0600h-06FFh \
  -ABANK7=0700h-07FFh -ABANK8=0800h-08FFh -ABANK9=0900h-09FFh \
  -ABANK10=0A00h-0AFFh -ABANK11=0B00h-0BFFh -ABANK12=0C00h-0CFFh \
  -ABANK13=0D00h-0DFFh -ABANK14=0E00h-0EFFh -ABANK15=0F00h-0F7Fh \
  -ASFR=0F80h-0FFFh -ABIGSFR=0F80h-0FFFh -ACONFIG=0300000h-030000Dh \
  -AIDLOC=0200000h-0200007h -AEEDATA=0F00000h-0F003FFh -peeprom_data=EEDATA \
  -preset_vec=00h,intcode=8h,intcodelo,powerup,init -pramtop=01000h \
  -psmallconst=SMALLCONST -pmediumconst=MEDIUMCONST -pconst=CONST \
  -AFARRAM=00h-00h \
  -prdata=COMRAM,nvrram=COMRAM,nvbit=COMRAM,rbss=COMRAM,rbit=COMRAM \
  -pfarbss=FARRAM,fardata=FARRAM,nvFARRAM=FARRAM \
  -pintsave_regs=BIGRAM,bigbss=BIGRAM,bigdata=BIGRAM -pbss=RAM \
  -pidata=CODE,irdata=CODE,ibigdata=CODE,ifardata=CODE -prparam=COMRAM \
  C:\Users\ah427\AppData\Local\Temp\xcAs2qg.\driver_tmp_14.o \
  dist/default/production\code.production.o 

Object code version is 3.11

Machine type is 18F4620



                Name                               Link     Load   Length Selector   Space Scale
C:\Users\ah427\AppData\Local\Temp\xcAs2qg.\driver_tmp_14.o
                config                           300004   300004        2        0       4
                init                                  E        E        4        4       0
                reset_vec                             0        0        4        0       0
dist/default/production\code.production.o
                intcode                               8        8        6        4       0
                config                           300004   300004        2        0       4
                temp                                 7E       7E        1        1       1
                smallconst                         1000     1000       2A      800       0
                text42                             319C     319C        4     18AF       0
                intcode_body                       311C     311C       26      815       0
                text40                             2A1A     2A1A       92      815       0
                text39                             315E     315E       18     18AF       0
                text38                             23B4     23B4       D8      815       0
                text37                             2DD0     2DD0       60      815       0
                text36                             2F7A     2F7A       48      815       0
                text35                             2F2C     2F2C       4E      815       0
                text34                             2844     2844       A2      815       0
                text33                             1F46     1F46      126      815       0
                text32                             206C     206C      124      815       0
                text31                             2B34     2B34       7A      815       0
                text30                             30CC     30CC       2A      815       0
                text29                             2C96     2C96       74      815       0
                text28                             22B2     22B2      102      815       0
                text27                             318A     318A       12     18AF       0
                text26                             2C22     2C22       74      815       0
                text25                             2984     2984       96      815       0
                text24                             2AAC     2AAC       88      815       0
                text23                             2EDC     2EDC       50      815       0
                text22                             306E     306E       30      815       0
                text21                             31A0     31A0        2     18AF       0
                text20                             279A     279A       AA      815       0
                text19                             255E     255E       C8      815       0
                text18                             2626     2626       C4      815       0
                text17                             26EA     26EA       B0      815       0
                text16                             303A     303A       34      815       0
                text15                             2FFE     2FFE       3C      815       0
                text14                             309E     309E       2E      815       0
                text13                             28E6     28E6       9E      815       0
                text12                             1C04     1C04      1D4      815       0
                text11                             1DD8     1DD8      16E      815       0
                text10                             30F6     30F6       26      815       0
                text9                              248C     248C       D2      815       0
                text8                              2BAE     2BAE       74      815       0
                text7                              2D0A     2D0A       64      815       0
                text6                              2190     2190      122      815       0
                text5                              1812     1812      1FA      815       0
                text4                              102A     102A      7E8      815       0
                text3                              2E30     2E30       5A      815       0
                text2                              2FC2     2FC2       3C      815       0
                text1                              2E8A     2E8A       52      815       0
                text0                              1A0C     1A0C      1F8      815       0
                cstackCOMRAM                          1        1       57        1       1
                dataBANK0                            B8       B8       1B       80       1
                bssBANK0                             80       80       38       80       1
                dataCOMRAM                           58       58       14        1       1
                bssCOMRAM                            6C       6C       12        1       1
                cinit                              2D6E     2D6E       62      815       0
                idataBANK0                         3142     3142       1B      815       0
                idataCOMRAM                        3176     3176       14     18AF       0

TOTAL           Name                               Link     Load   Length     Space
        CLASS   CODE           
                intcode                               8        8        6         0
                init                                  E        E        4         0
                reset_vec                             0        0        4         0
                text42                             319C     319C        4         0
                intcode_body                       311C     311C       26         0
                text40                             2A1A     2A1A       92         0
                text39                             315E     315E       18         0
                text38                             23B4     23B4       D8         0
                text37                             2DD0     2DD0       60         0
                text36                             2F7A     2F7A       48         0
                text35                             2F2C     2F2C       4E         0
                text34                             2844     2844       A2         0
                text33                             1F46     1F46      126         0
                text32                             206C     206C      124         0
                text31                             2B34     2B34       7A         0
                text30                             30CC     30CC       2A         0
                text29                             2C96     2C96       74         0
                text28                             22B2     22B2      102         0
                text27                             318A     318A       12         0
                text26                             2C22     2C22       74         0
                text25                             2984     2984       96         0
                text24                             2AAC     2AAC       88         0
                text23                             2EDC     2EDC       50         0
                text22                             306E     306E       30         0
                text21                             31A0     31A0        2         0
                text20                             279A     279A       AA         0
                text19                             255E     255E       C8         0
                text18                             2626     2626       C4         0
                text17                             26EA     26EA       B0         0
                text16                             303A     303A       34         0
                text15                             2FFE     2FFE       3C         0
                text14                             309E     309E       2E         0
                text13                             28E6     28E6       9E         0
                text12                             1C04     1C04      1D4         0
                text11                             1DD8     1DD8      16E         0
                text10                             30F6     30F6       26         0
                text9                              248C     248C       D2         0
                text8                              2BAE     2BAE       74         0
                text7                              2D0A     2D0A       64         0
                text6                              2190     2190      122         0
                text5                              1812     1812      1FA         0
                text4                              102A     102A      7E8         0
                text3                              2E30     2E30       5A         0
                text2                              2FC2     2FC2       3C         0
                text1                              2E8A     2E8A       52         0
                text0                              1A0C     1A0C      1F8         0
                cinit                              2D6E     2D6E       62         0
                idataBANK0                         3142     3142       1B         0
                idataCOMRAM                        3176     3176       14         0

        CLASS   CONST          

        CLASS   SMALLCONST     
                smallconst                         1000     1000       2A         0

        CLASS   MEDIUMCONST    

        CLASS   COMRAM         
                temp                                 7E       7E        1         1
                cstackCOMRAM                          1        1       57         1
                dataCOMRAM                           58       58       14         1
                bssCOMRAM                            6C       6C       12         1

        CLASS   ABS1           

        CLASS   BIGRAM         

        CLASS   RAM            

        CLASS   BANK0          
                dataBANK0                            B8       B8       1B         1
                bssBANK0                             80       80       38         1

        CLASS   BANK1          

        CLASS   BANK2          

        CLASS   BANK3          

        CLASS   BANK4          

        CLASS   BANK5          

        CLASS   BANK6          

        CLASS   BANK7          

        CLASS   BANK8          

        CLASS   BANK9          

        CLASS   BANK10         

        CLASS   BANK11         

        CLASS   BANK12         

        CLASS   BANK13         

        CLASS   BANK14         

        CLASS   BANK15         

        CLASS   SFR            

        CLASS   BIGSFR         

        CLASS   CONFIG         
                config                           300004   300004        2         4

        CLASS   IDLOC          

        CLASS   EEDATA         

        CLASS   FARRAM         

        CLASS   HEAP           

        CLASS   STACK          



SEGMENTS        Name                           Load    Length   Top    Selector   Space  Class

                reset_vec                      000000  000004  000004         0       0  CODE    
                cstackCOMRAM                   000001  00007E  00007F         1       1  COMRAM  
                intcode                        000008  00000A  000012         4       0  CODE    
                bssBANK0                       000080  000053  0000D3        80       1  BANK0   
                smallconst                     001000  00002A  00102A       800       0  SMALLCON
                text4                          00102A  002133  00315D       815       0  CODE    
                text39                         00315E  000044  0031A2      18AF       0  CODE    


UNUSED ADDRESS RANGES

        Name                Unused          Largest block    Delta
        BANK0            0000D3-0000FF               2D
        BANK1            000100-0001FF              100
        BANK10           000A00-000AFF              100
        BANK11           000B00-000BFF              100
        BANK12           000C00-000CFF              100
        BANK13           000D00-000DFF              100
        BANK14           000E00-000EFF              100
        BANK15           000F00-000F7F               80
        BANK2            000200-0002FF              100
        BANK3            000300-0003FF              100
        BANK4            000400-0004FF              100
        BANK5            000500-0005FF              100
        BANK6            000600-0006FF              100
        BANK7            000700-0007FF              100
        BANK8            000800-0008FF              100
        BANK9            000900-0009FF              100
        BIGRAM           00007F-00007F                1
                         0000D3-000F7F              EAD
        BIGSFR           000F80-000FFF               80
        CODE             000004-000007                4
                         000012-000FFF              FEE
                         00315D-00315D                1
                         0031A2-00FFFF             CE5E
        COMRAM           00007F-00007F                1
        CONFIG           300000-300003                4
                         300006-30000D                8
        CONST            000004-000007                4
                         000012-000FFF              FEE
                         00315D-00315D                1
                         0031A2-00FFFF             CE5E
        EEDATA           F00000-F003FF              400
        IDLOC            200000-200007                8
        MEDIUMCONST      00315D-00315D                1
                         0031A2-00FFFF             CE5E
        RAM              0000D3-000F7F              100
        SFR              000F80-000FFF               80
        SMALLCONST       00315D-00315D                1
                         0031A2-00FFFF              100

                                  Symbol Table

?___awdiv                                    cstackCOMRAM 000001
?___awmod                                    cstackCOMRAM 000001
?___lwdiv                                    cstackCOMRAM 000001
?___lwmod                                    cstackCOMRAM 000001
?___wmul                                     cstackCOMRAM 000001
?_abs                                        cstackCOMRAM 000007
?_ctoa                                       cstackCOMRAM 000009
?_dtoa                                       cstackCOMRAM 000015
?_otoa                                       cstackCOMRAM 000015
?_pad                                        cstackCOMRAM 00000E
?_read_prec_or_width                         cstackCOMRAM 000007
?_sprintf                                    cstackCOMRAM 000040
?_strlen                                     cstackCOMRAM 000001
?_utoa                                       cstackCOMRAM 000015
?_vfpfcnvrt                                  cstackCOMRAM 000027
?_vfprintf                                   cstackCOMRAM 000038
?_xtoa                                       cstackCOMRAM 000015
ADC_GetConversionResult@_adc                 cstackCOMRAM 000001
ADC_GetConversionResult@conversion_result    cstackCOMRAM 000002
ADC_GetConversion_Blocking@_adc              cstackCOMRAM 000005
ADC_GetConversion_Blocking@_channel          cstackCOMRAM 000006
ADC_GetConversion_Blocking@conversion_result cstackCOMRAM 000007
ADC_Init@_adc                                cstackCOMRAM 000004
ADC_StartConversion@_adc                     cstackCOMRAM 000001
_ADCON0bits                                  (abs)        000FC2
_ADCON1bits                                  (abs)        000FC1
_ADCON2bits                                  (abs)        000FC0
_ADC_GetConversionResult                     text40       002A1A
_ADC_GetConversion_Blocking                  text37       002DD0
_ADC_Init                                    text34       002844
_ADC_REQ                                     bssCOMRAM    000075
_ADC_StartConversion                         text39       00315E
_ADRESH                                      (abs)        000FC4
_ADRESL                                      (abs)        000FC3
_INTCONbits                                  (abs)        000FF2
_ISR_ADC                                     text42       00319C
_InterruptHandler                            bssCOMRAM    000072
_InterruptManagerHigh                        intcode      000008
_LATA                                        (abs)        000F89
_LATB                                        (abs)        000F8A
_LATC                                        (abs)        000F8B
_LATD                                        (abs)        000F8C
_LATE                                        (abs)        000F8D
_PIE1bits                                    (abs)        000F9D
_PIR1bits                                    (abs)        000F9E
_PORTA                                       (abs)        000F80
_PORTB                                       (abs)        000F81
_PORTC                                       (abs)        000F82
_PORTD                                       (abs)        000F83
_PORTE                                       (abs)        000F84
_TRISA                                       (abs)        000F92
_TRISB                                       (abs)        000F93
_TRISC                                       (abs)        000F94
_TRISD                                       (abs)        000F95
_TRISE                                       (abs)        000F96
__HRAM                                       (abs)        000000
__H__absolute__                              __absolute__ 000000
__Habs1                                      abs1         000000
__Hbank0                                     bank0        000000
__Hbank1                                     bank1        000000
__Hbank10                                    bank10       000000
__Hbank11                                    bank11       000000
__Hbank12                                    bank12       000000
__Hbank13                                    bank13       000000
__Hbank14                                    bank14       000000
__Hbank15                                    bank15       000000
__Hbank2                                     bank2        000000
__Hbank3                                     bank3        000000
__Hbank4                                     bank4        000000
__Hbank5                                     bank5        000000
__Hbank6                                     bank6        000000
__Hbank7                                     bank7        000000
__Hbank8                                     bank8        000000
__Hbank9                                     bank9        000000
__Hbigbss                                    bigbss       000000
__Hbigdata                                   bigdata      000000
__Hbigram                                    bigram       000000
__Hbigsfr                                    bigsfr       000000
__Hbss                                       bss          000000
__HbssBANK0                                  bssBANK0     000000
__HbssCOMRAM                                 bssCOMRAM    000000
__Hcinit                                     cinit        000000
__Hclrtext                                   clrtext      000000
__Hcomram                                    comram       000000
__Hconfig                                    config       300006
__Hconst                                     const        000000
__HcstackCOMRAM                              cstackCOMRAM 000000
__Hdata                                      data         000000
__HdataBANK0                                 dataBANK0    000000
__HdataCOMRAM                                dataCOMRAM   000000
__Heeprom_data                               eeprom_data  000000
__Hfarbss                                    farbss       000000
__Hfardata                                   fardata      000000
__Hheap                                      heap         000000
__Hibigdata                                  ibigdata     000000
__Hidata                                     idata        000000
__HidataBANK0                                idataBANK0   000000
__HidataCOMRAM                               idataCOMRAM  000000
__Hidloc                                     idloc        000000
__Hifardata                                  ifardata     000000
__Hinit                                      init         000012
__Hintcode                                   intcode      00000E
__Hintcode_body                              intcode_body 000000
__Hintcodelo                                 intcodelo    00000E
__Hintentry                                  intentry     000000
__Hintret                                    intret       000000
__Hintsave_regs                              intsave_regs 000000
__Hirdata                                    irdata       000000
__Hmediumconst                               mediumconst  000000
__HnvFARRAM                                  nvFARRAM     000000
__Hnvbit                                     nvbit        000000
__Hnvrram                                    nvrram       000000
__Hparam                                     rparam       000000
__Hpowerup                                   powerup      00000E
__Hram                                       ram          000000
__Hramtop                                    ramtop       001000
__Hrbit                                      rbit         000000
__Hrbss                                      rbss         000000
__Hrdata                                     rdata        000000
__Hreset_vec                                 reset_vec    000004
__Hrparam                                    rparam       000000
__Hsfr                                       sfr          000000
__Hsivt_hi                                   sivt_hi      000000
__Hsivt_lo                                   sivt_lo      000000
__Hsmallconst                                smallconst   00102A
__Hspace_0                                   (abs)        0031A2
__Hspace_1                                   (abs)        0000D3
__Hspace_2                                   (abs)        000000
__Hspace_4                                   (abs)        60000A
__Hstack                                     stack        000000
__Hstruct                                    struct       000000
__Htemp                                      temp         00007F
__Htext                                      text         000000
__Htext0                                     text0        000000
__Htext1                                     text1        000000
__Htext10                                    text10       000000
__Htext11                                    text11       000000
__Htext12                                    text12       000000
__Htext13                                    text13       000000
__Htext14                                    text14       000000
__Htext15                                    text15       000000
__Htext16                                    text16       000000
__Htext17                                    text17       000000
__Htext18                                    text18       000000
__Htext19                                    text19       000000
__Htext2                                     text2        000000
__Htext20                                    text20       000000
__Htext21                                    text21       000000
__Htext22                                    text22       000000
__Htext23                                    text23       000000
__Htext24                                    text24       000000
__Htext25                                    text25       000000
__Htext26                                    text26       000000
__Htext27                                    text27       000000
__Htext28                                    text28       000000
__Htext29                                    text29       000000
__Htext3                                     text3        000000
__Htext30                                    text30       000000
__Htext31                                    text31       000000
__Htext32                                    text32       000000
__Htext33                                    text33       000000
__Htext34                                    text34       000000
__Htext35                                    text35       000000
__Htext36                                    text36       000000
__Htext37                                    text37       000000
__Htext38                                    text38       000000
__Htext39                                    text39       000000
__Htext4                                     text4        000000
__Htext40                                    text40       000000
__Htext42                                    text42       000000
__Htext5                                     text5        000000
__Htext6                                     text6        000000
__Htext7                                     text7        000000
__Htext8                                     text8        000000
__Htext9                                     text9        000000
__LRAM                                       (abs)        000001
__L__absolute__                              __absolute__ 000000
__Labs1                                      abs1         000000
__Lbank0                                     bank0        000000
__Lbank1                                     bank1        000000
__Lbank10                                    bank10       000000
__Lbank11                                    bank11       000000
__Lbank12                                    bank12       000000
__Lbank13                                    bank13       000000
__Lbank14                                    bank14       000000
__Lbank15                                    bank15       000000
__Lbank2                                     bank2        000000
__Lbank3                                     bank3        000000
__Lbank4                                     bank4        000000
__Lbank5                                     bank5        000000
__Lbank6                                     bank6        000000
__Lbank7                                     bank7        000000
__Lbank8                                     bank8        000000
__Lbank9                                     bank9        000000
__Lbigbss                                    bigbss       000000
__Lbigdata                                   bigdata      000000
__Lbigram                                    bigram       000000
__Lbigsfr                                    bigsfr       000000
__Lbss                                       bss          000000
__LbssBANK0                                  bssBANK0     000000
__LbssCOMRAM                                 bssCOMRAM    000000
__Lcinit                                     cinit        000000
__Lclrtext                                   clrtext      000000
__Lcomram                                    comram       000000
__Lconfig                                    config       000000
__Lconst                                     const        000000
__LcstackCOMRAM                              cstackCOMRAM 000000
__Ldata                                      data         000000
__LdataBANK0                                 dataBANK0    000000
__LdataCOMRAM                                dataCOMRAM   000000
__Leeprom_data                               eeprom_data  000000
__Lfarbss                                    farbss       000000
__Lfardata                                   fardata      000000
__Lheap                                      heap         000000
__Libigdata                                  ibigdata     000000
__Lidata                                     idata        000000
__LidataBANK0                                idataBANK0   000000
__LidataCOMRAM                               idataCOMRAM  000000
__Lidloc                                     idloc        000000
__Lifardata                                  ifardata     000000
__Linit                                      init         00000E
__Lintcode                                   intcode      000008
__Lintcode_body                              intcode_body 000000
__Lintcodelo                                 intcodelo    00000E
__Lintentry                                  intentry     000000
__Lintret                                    intret       000000
__Lintsave_regs                              intsave_regs 000000
__Lirdata                                    irdata       000000
__Lmediumconst                               mediumconst  000000
__LnvFARRAM                                  nvFARRAM     000000
__Lnvbit                                     nvbit        000000
__Lnvrram                                    nvrram       000000
__Lparam                                     rparam       000000
__Lpowerup                                   powerup      00000E
__Lram                                       ram          000000
__Lramtop                                    ramtop       001000
__Lrbit                                      rbit         000000
__Lrbss                                      rbss         000000
__Lrdata                                     rdata        000000
__Lreset_vec                                 reset_vec    000000
__Lrparam                                    rparam       000000
__Lsfr                                       sfr          000000
__Lsivt_hi                                   sivt_hi      000000
__Lsivt_lo                                   sivt_lo      000000
__Lsmallconst                                smallconst   001000
__Lspace_0                                   (abs)        000000
__Lspace_1                                   (abs)        000000
__Lspace_2                                   (abs)        000000
__Lspace_4                                   (abs)        000000
__Lstack                                     stack        000000
__Lstruct                                    struct       000000
__Ltemp                                      temp         00007E
__Ltext                                      text         000000
__Ltext0                                     text0        000000
__Ltext1                                     text1        000000
__Ltext10                                    text10       000000
__Ltext11                                    text11       000000
__Ltext12                                    text12       000000
__Ltext13                                    text13       000000
__Ltext14                                    text14       000000
__Ltext15                                    text15       000000
__Ltext16                                    text16       000000
__Ltext17                                    text17       000000
__Ltext18                                    text18       000000
__Ltext19                                    text19       000000
__Ltext2                                     text2        000000
__Ltext20                                    text20       000000
__Ltext21                                    text21       000000
__Ltext22                                    text22       000000
__Ltext23                                    text23       000000
__Ltext24                                    text24       000000
__Ltext25                                    text25       000000
__Ltext26                                    text26       000000
__Ltext27                                    text27       000000
__Ltext28                                    text28       000000
__Ltext29                                    text29       000000
__Ltext3                                     text3        000000
__Ltext30                                    text30       000000
__Ltext31                                    text31       000000
__Ltext32                                    text32       000000
__Ltext33                                    text33       000000
__Ltext34                                    text34       000000
__Ltext35                                    text35       000000
__Ltext36                                    text36       000000
__Ltext37                                    text37       000000
__Ltext38                                    text38       000000
__Ltext39                                    text39       000000
__Ltext4                                     text4        000000
__Ltext40                                    text40       000000
__Ltext42                                    text42       000000
__Ltext5                                     text5        000000
__Ltext6                                     text6        000000
__Ltext7                                     text7        000000
__Ltext8                                     text8        000000
__Ltext9                                     text9        000000
__S0                                         (abs)        0031A2
__S1                                         (abs)        0000D3
__S4                                         (abs)        000000
__S5                                         (abs)        000000
___awdiv                                     text18       002626
___awdiv@counter                             cstackCOMRAM 000005
___awdiv@dividend                            cstackCOMRAM 000001
___awdiv@divisor                             cstackCOMRAM 000003
___awdiv@quotient                            cstackCOMRAM 000007
___awdiv@sign                                cstackCOMRAM 000006
___awmod                                     text17       0026EA
___awmod@counter                             cstackCOMRAM 000005
___awmod@dividend                            cstackCOMRAM 000001
___awmod@divisor                             cstackCOMRAM 000003
___awmod@sign                                cstackCOMRAM 000006
___heap_hi                                   (abs)        000000
___heap_lo                                   (abs)        000000
___inthi_sp                                  stack        000000
___inthi_stack_hi                            stack        000000
___inthi_stack_lo                            stack        000000
___intlo_sp                                  stack        000000
___intlo_stack_hi                            stack        000000
___intlo_stack_lo                            stack        000000
___lwdiv                                     text8        002BAE
___lwdiv@counter                             cstackCOMRAM 000007
___lwdiv@dividend                            cstackCOMRAM 000001
___lwdiv@divisor                             cstackCOMRAM 000003
___lwdiv@quotient                            cstackCOMRAM 000005
___lwmod                                     text7        002D0A
___lwmod@counter                             cstackCOMRAM 000005
___lwmod@dividend                            cstackCOMRAM 000001
___lwmod@divisor                             cstackCOMRAM 000003
___param_bank                                (abs)        000000
___rparam_used                               (abs)        000001
___sp                                        stack        000000
___stack_hi                                  stack        000000
___stack_lo                                  stack        000000
___wmul                                      text10       0030F6
___wmul@multiplicand                         cstackCOMRAM 000003
___wmul@multiplier                           cstackCOMRAM 000001
___wmul@product                              cstackCOMRAM 000005
__accesstop                                  (abs)        000080
__activetblptr                               (abs)        000003
__end_of_ADC_GetConversionResult             text40       002AAC
__end_of_ADC_GetConversion_Blocking          text37       002E30
__end_of_ADC_Init                            text34       0028E6
__end_of_ADC_StartConversion                 text39       003176
__end_of_ISR_ADC                             text42       0031A0
__end_of_InterruptManagerHigh                intcode_body 003142
__end_of___awdiv                             text18       0026EA
__end_of___awmod                             text17       00279A
__end_of___lwdiv                             text8        002C22
__end_of___lwmod                             text7        002D6E
__end_of___wmul                              text10       00311C
__end_of__initialization                     cinit        002DC6
__end_of_abs                                 text16       00306E
__end_of_adc_input_channel_port_configure    text38       00248C
__end_of_adc_result_format                   text36       002FC2
__end_of_adc_voltage_reference               text35       002F7A
__end_of_ctoa                                text19       002626
__end_of_dtoa                                text12       001DD8
__end_of_fputc                               text20       002844
__end_of_fputs                               text15       00303A
__end_of_gpio_pin_direction_initialize       text33       00206C
__end_of_gpio_pin_initialize                 text31       002BAE
__end_of_gpio_pin_write_logic                text32       002190
__end_of_initialization                      text27       00319C
__end_of_lcd_8bit_enable_signal              text30       0030F6
__end_of_lcd_8bit_initialize                 text28       0023B4
__end_of_lcd_8bit_send_char                  text26       002C96
__end_of_lcd_8bit_send_command               text29       002D0A
__end_of_lcd_8bit_send_string                text25       002A1A
__end_of_lcd_8bit_send_string_pos            text23       002F2C
__end_of_lcd_8bit_set_cursor                 text24       002B34
__end_of_lcd_convert_uint16_string           text1        002EDC
__end_of_main                                text0        001C04
__end_of_memset                              text22       00309E
__end_of_otoa                                text11       001F46
__end_of_pad                                 text13       002984
__end_of_putch                               text21       0031A2
__end_of_read_prec_or_width                  text9        00255E
__end_of_sprintf                             text2        002FFE
__end_of_strlen                              text14       0030CC
__end_of_utoa                                text6        0022B2
__end_of_vfpfcnvrt                           text4        001812
__end_of_vfprintf                            text3        002E8A
__end_of_xtoa                                text5        001A0C
__initialization                             cinit        002D6E
__mediumconst                                mediumconst  000000
__pbssBANK0                                  bssBANK0     000080
__pbssCOMRAM                                 bssCOMRAM    00006C
__pcinit                                     cinit        002D6E
__pcstackCOMRAM                              cstackCOMRAM 000001
__pdataBANK0                                 dataBANK0    0000B8
__pdataCOMRAM                                dataCOMRAM   000058
__pidataBANK0                                idataBANK0   003142
__pidataCOMRAM                               idataCOMRAM  003176
__pintcode                                   intcode      000008
__pintcode_body                              intcode_body 00311C
__psmallconst                                smallconst   001000
__ptext0                                     text0        001A0C
__ptext1                                     text1        002E8A
__ptext10                                    text10       0030F6
__ptext11                                    text11       001DD8
__ptext12                                    text12       001C04
__ptext13                                    text13       0028E6
__ptext14                                    text14       00309E
__ptext15                                    text15       002FFE
__ptext16                                    text16       00303A
__ptext17                                    text17       0026EA
__ptext18                                    text18       002626
__ptext19                                    text19       00255E
__ptext2                                     text2        002FC2
__ptext20                                    text20       00279A
__ptext21                                    text21       0031A0
__ptext22                                    text22       00306E
__ptext23                                    text23       002EDC
__ptext24                                    text24       002AAC
__ptext25                                    text25       002984
__ptext26                                    text26       002C22
__ptext27                                    text27       00318A
__ptext28                                    text28       0022B2
__ptext29                                    text29       002C96
__ptext3                                     text3        002E30
__ptext30                                    text30       0030CC
__ptext31                                    text31       002B34
__ptext32                                    text32       00206C
__ptext33                                    text33       001F46
__ptext34                                    text34       002844
__ptext35                                    text35       002F2C
__ptext36                                    text36       002F7A
__ptext37                                    text37       002DD0
__ptext38                                    text38       0023B4
__ptext39                                    text39       00315E
__ptext4                                     text4        00102A
__ptext40                                    text40       002A1A
__ptext42                                    text42       00319C
__ptext5                                     text5        001812
__ptext6                                     text6        002190
__ptext7                                     text7        002D0A
__ptext8                                     text8        002BAE
__ptext9                                     text9        00248C
__ramtop                                     ramtop       001000
__smallconst                                 smallconst   001000
_abs                                         text16       00303A
_adc_1                                       dataBANK0    0000CC
_adc_input_channel_port_configure            text38       0023B4
_adc_res1                                    bssCOMRAM    00007C
_adc_res1_text                               bssBANK0     0000B2
_adc_res2                                    bssCOMRAM    00007A
_adc_res2_text                               bssBANK0     0000AC
_adc_res3                                    bssCOMRAM    000078
_adc_res3_text                               bssBANK0     0000A6
_adc_res4                                    bssCOMRAM    000076
_adc_res4_text                               bssBANK0     0000A0
_adc_result_format                           text36       002F7A
_adc_voltage_reference                       text35       002F2C
_ctoa                                        text19       00255E
_dbuf                                        bssBANK0     000080
_dtoa                                        text12       001C04
_dtoa$1578                                   cstackCOMRAM 000018
_flags                                       bssCOMRAM    000074
_fputc                                       text20       00279A
_fputs                                       text15       002FFE
_gpio_pin_direction_initialize               text33       001F46
_gpio_pin_initialize                         text31       002B34
_gpio_pin_write_logic                        text32       00206C
_initialization                              text27       00318A
_lat_registers                               dataBANK0    0000B8
_lcd                                         dataCOMRAM   000062
_lcd_8bit_enable_signal                      text30       0030CC
_lcd_8bit_initialize                         text28       0022B2
_lcd_8bit_send_char                          text26       002C22
_lcd_8bit_send_command                       text29       002C96
_lcd_8bit_send_string                        text25       002984
_lcd_8bit_send_string_pos                    text23       002EDC
_lcd_8bit_set_cursor                         text24       002AAC
_lcd_convert_uint16_string                   text1        002E8A
_main                                        text0        001A0C
_memset                                      text22       00306E
_nout                                        bssCOMRAM    00006C
_otoa                                        text11       001DD8
_pad                                         text13       0028E6
_port_registers                              dataBANK0    0000C2
_prec                                        bssCOMRAM    000070
_putch                                       text21       0031A0
_read_prec_or_width                          text9        00248C
_sprintf                                     text2        002FC2
_strlen                                      text14       00309E
_tris_registers                              dataCOMRAM   000058
_utoa                                        text6        002190
_vfpfcnvrt                                   text4        00102A
_vfprintf                                    text3        002E30
_width                                       bssCOMRAM    00006E
_xtoa                                        text5        001812
_xtoa$1603                                   cstackCOMRAM 00001C
abs@a                                        cstackCOMRAM 000007
adc_input_channel_port_configure@channel     cstackCOMRAM 000003
adc_result_format@_adc                       cstackCOMRAM 000001
adc_voltage_reference@_adc                   cstackCOMRAM 000001
btemp                                        temp         00007E
ctoa@c                                       cstackCOMRAM 00000A
ctoa@fp                                      cstackCOMRAM 000009
ctoa@l                                       cstackCOMRAM 00000C
ctoa@w                                       cstackCOMRAM 00000E
dtoa@d                                       cstackCOMRAM 000016
dtoa@fp                                      cstackCOMRAM 000015
dtoa@i                                       cstackCOMRAM 00001F
dtoa@p                                       cstackCOMRAM 00001A
dtoa@s                                       cstackCOMRAM 00001E
dtoa@w                                       cstackCOMRAM 00001C
end_of_initialization                        cinit        002DC6
fputc@c                                      cstackCOMRAM 000001
fputc@fp                                     cstackCOMRAM 000003
fputs@c                                      cstackCOMRAM 00000B
fputs@fp                                     cstackCOMRAM 00000A
fputs@i                                      cstackCOMRAM 00000C
fputs@s                                      cstackCOMRAM 000009
gpio_pin_direction_initialize@_pin_config    cstackCOMRAM 000001
gpio_pin_initialize@_pin_config              cstackCOMRAM 000008
gpio_pin_initialize@ret                      cstackCOMRAM 00000A
gpio_pin_write_logic@_pin_config             cstackCOMRAM 000001
gpio_pin_write_logic@logic                   cstackCOMRAM 000002
int$flags                                    temp         00007E
int_func                                     intcode_body 00311C
intlevel0                                    text         000000
intlevel1                                    text         000000
intlevel2                                    text         000000
intlevel3                                    text         000000
isa$std                                      (abs)        000001
isa$xinst                                    (abs)        000000
lcd_8bit_enable_signal@_lcd                  cstackCOMRAM 000008
lcd_8bit_enable_signal@ret                   cstackCOMRAM 000009
lcd_8bit_initialize@_lcd                     cstackCOMRAM 000010
lcd_8bit_initialize@count                    cstackCOMRAM 000013
lcd_8bit_initialize@ret                      cstackCOMRAM 000014
lcd_8bit_send_char@_lcd                      cstackCOMRAM 00000A
lcd_8bit_send_char@count                     cstackCOMRAM 00000F
lcd_8bit_send_char@data                      cstackCOMRAM 00000B
lcd_8bit_send_char@ret                       cstackCOMRAM 00000E
lcd_8bit_send_command@_lcd                   cstackCOMRAM 00000A
lcd_8bit_send_command@command                cstackCOMRAM 00000B
lcd_8bit_send_command@count                  cstackCOMRAM 00000F
lcd_8bit_send_command@ret                    cstackCOMRAM 00000E
lcd_8bit_send_string@_lcd                    cstackCOMRAM 000010
lcd_8bit_send_string@ret                     cstackCOMRAM 000013
lcd_8bit_send_string@str                     cstackCOMRAM 000011
lcd_8bit_send_string_pos@_lcd                cstackCOMRAM 000014
lcd_8bit_send_string_pos@column              cstackCOMRAM 000018
lcd_8bit_send_string_pos@ret                 cstackCOMRAM 000019
lcd_8bit_send_string_pos@row                 cstackCOMRAM 000017
lcd_8bit_send_string_pos@str                 cstackCOMRAM 000015
lcd_8bit_set_cursor@_lcd                     cstackCOMRAM 000010
lcd_8bit_set_cursor@column                   cstackCOMRAM 000012
lcd_8bit_set_cursor@ret                      cstackCOMRAM 000013
lcd_8bit_set_cursor@row                      cstackCOMRAM 000011
lcd_convert_uint16_string@str                cstackCOMRAM 000055
lcd_convert_uint16_string@value              cstackCOMRAM 000053
memset@c                                     cstackCOMRAM 000002
memset@dest                                  cstackCOMRAM 000001
memset@n                                     cstackCOMRAM 000004
memset@p                                     cstackCOMRAM 000006
otoa@d                                       cstackCOMRAM 000016
otoa@fp                                      cstackCOMRAM 000015
otoa@i                                       cstackCOMRAM 00001F
otoa@p                                       cstackCOMRAM 00001A
otoa@t                                       cstackCOMRAM 00001E
otoa@w                                       cstackCOMRAM 00001C
pad@buf                                      cstackCOMRAM 00000F
pad@fp                                       cstackCOMRAM 00000E
pad@i                                        cstackCOMRAM 000013
pad@p                                        cstackCOMRAM 000010
read_prec_or_width@ap                        cstackCOMRAM 000008
read_prec_or_width@c                         cstackCOMRAM 00000C
read_prec_or_width@fmt                       cstackCOMRAM 000007
read_prec_or_width@n                         cstackCOMRAM 00000D
sprintf@ap                                   cstackCOMRAM 000052
sprintf@f                                    cstackCOMRAM 000046
sprintf@fmt                                  cstackCOMRAM 000041
sprintf@s                                    cstackCOMRAM 000040
stackhi                                      (abs)        000000
stacklo                                      (abs)        000000
start                                        init         00000E
start_initialization                         cinit        002D6E
strlen@a                                     cstackCOMRAM 000003
strlen@s                                     cstackCOMRAM 000001
ttemp5                                       temp         00007F
ttemp6                                       temp         000082
ttemp7                                       temp         000086
utoa@d                                       cstackCOMRAM 000016
utoa@fp                                      cstackCOMRAM 000015
utoa@i                                       cstackCOMRAM 00001C
utoa@p                                       cstackCOMRAM 000018
utoa@w                                       cstackCOMRAM 00001A
vfpfcnvrt@ap                                 cstackCOMRAM 000029
vfpfcnvrt@c                                  cstackCOMRAM 000034
vfpfcnvrt@convarg                            cstackCOMRAM 000030
vfpfcnvrt@cp                                 cstackCOMRAM 000035
vfpfcnvrt@done                               cstackCOMRAM 00002F
vfpfcnvrt@fmt                                cstackCOMRAM 000028
vfpfcnvrt@fp                                 cstackCOMRAM 000027
vfprintf@ap                                  cstackCOMRAM 00003C
vfprintf@cfmt                                cstackCOMRAM 00003D
vfprintf@fmt                                 cstackCOMRAM 000039
vfprintf@fp                                  cstackCOMRAM 000038
wtemp8                                       temp         00007F
xtoa@a                                       cstackCOMRAM 00001E
xtoa@c                                       cstackCOMRAM 000024
xtoa@d                                       cstackCOMRAM 000016
xtoa@d_nonzero                               cstackCOMRAM 000023
xtoa@fp                                      cstackCOMRAM 000015
xtoa@i                                       cstackCOMRAM 000025
xtoa@p                                       cstackCOMRAM 00001F
xtoa@w                                       cstackCOMRAM 000021
xtoa@x                                       cstackCOMRAM 000018


MODULE INFORMATION

Module		Function		Class		Link	Load	Size
ECU/LCD/ecu_lcd.c
		_lcd_8bit_set_cursor		CODE           	2AAC	0000	136
		_lcd_8bit_initialize		CODE           	22B2	0000	258
		_lcd_8bit_send_string		CODE           	2984	0000	150
		_lcd_8bit_enable_signal		CODE           	30CC	0000	42
		_lcd_8bit_send_command		CODE           	2C96	0000	116
		_lcd_8bit_send_string_pos		CODE           	2EDC	0000	80
		_lcd_8bit_send_char		CODE           	2C22	0000	116
		_lcd_convert_uint16_string		CODE           	2E8A	0000	82

ECU/LCD/ecu_lcd.c estimated size: 980

C:\Program Files\Microchip\xc8\v2.46\pic\sources\c99\common\nf_fputc.c
		_fputc         		CODE           	279A	0000	170

C:\Program Files\Microchip\xc8\v2.46\pic\sources\c99\common\nf_fputc.c estimated size: 170

C:\Program Files\Microchip\xc8\v2.46\pic\sources\c99\common\lwdiv.c
		___lwdiv       		CODE           	2BAE	0000	116

C:\Program Files\Microchip\xc8\v2.46\pic\sources\c99\common\lwdiv.c estimated size: 116

C:\Program Files\Microchip\xc8\v2.46\pic\sources\c99\common\awdiv.c
		___awdiv       		CODE           	2626	0000	196

C:\Program Files\Microchip\xc8\v2.46\pic\sources\c99\common\awdiv.c estimated size: 196

C:\Program Files\Microchip\xc8\v2.46\pic\sources\c99\common\strlen.c
		_strlen        		CODE           	309E	0000	46

C:\Program Files\Microchip\xc8\v2.46\pic\sources\c99\common\strlen.c estimated size: 46

C:\Program Files\Microchip\xc8\v2.46\pic\sources\c99\common\memset.c
		_memset        		CODE           	306E	0000	48

C:\Program Files\Microchip\xc8\v2.46\pic\sources\c99\common\memset.c estimated size: 48

project.c
		_initialization		CODE           	318A	0000	18
		_main          		CODE           	1A0C	0000	504

project.c estimated size: 522

MCAL/GPIO/hal_gpio.c
		_gpio_pin_write_logic		CODE           	206C	0000	292
		_gpio_pin_direction_initialize		CODE           	1F46	0000	294
		_gpio_pin_initialize		CODE           	2B34	0000	122

MCAL/GPIO/hal_gpio.c estimated size: 708

C:\Program Files\Microchip\xc8\v2.46\pic\sources\c99\common\doprnt.c
		_read_prec_or_width		CODE           	248C	0000	210
		_vfpfcnvrt     		CODE           	102A	0000	2024
		_pad           		CODE           	28E6	0000	158
		_ctoa          		CODE           	255E	0000	200
		_dtoa          		CODE           	1C04	0000	468
		_vfprintf      		CODE           	2E30	0000	90
		_otoa          		CODE           	1DD8	0000	366
		_utoa          		CODE           	2190	0000	290
		_xtoa          		CODE           	1812	0000	506

C:\Program Files\Microchip\xc8\v2.46\pic\sources\c99\common\doprnt.c estimated size: 4312

C:\Program Files\Microchip\xc8\v2.46\pic\sources\c99\common\nf_sprintf.c
		_sprintf       		CODE           	2FC2	0000	60

C:\Program Files\Microchip\xc8\v2.46\pic\sources\c99\common\nf_sprintf.c estimated size: 60

shared
		__initialization		CODE           	2D6E	0000	88

shared estimated size: 88

C:\Program Files\Microchip\xc8\v2.46\pic\sources\c99\common\putch.c
		_putch         		CODE           	31A0	0000	2

C:\Program Files\Microchip\xc8\v2.46\pic\sources\c99\common\putch.c estimated size: 2

C:\Program Files\Microchip\xc8\v2.46\pic\sources\c99\common\Umul16.c
		___wmul        		CODE           	30F6	0000	38

C:\Program Files\Microchip\xc8\v2.46\pic\sources\c99\common\Umul16.c estimated size: 38

C:\Program Files\Microchip\xc8\v2.46\pic\sources\c99\common\nf_fputs.c
		_fputs         		CODE           	2FFE	0000	60

C:\Program Files\Microchip\xc8\v2.46\pic\sources\c99\common\nf_fputs.c estimated size: 60

MCAL/INTERRUPT/manage_interrupt.c
		_InterruptManagerHigh		CODE           	0008	0000	44

MCAL/INTERRUPT/manage_interrupt.c estimated size: 44

C:\Program Files\Microchip\xc8\v2.46\pic\sources\c99\common\lwmod.c
		___lwmod       		CODE           	2D0A	0000	100

C:\Program Files\Microchip\xc8\v2.46\pic\sources\c99\common\lwmod.c estimated size: 100

C:\Program Files\Microchip\xc8\v2.46\pic\sources\c99\common\abs.c
		_abs           		CODE           	303A	0000	52

C:\Program Files\Microchip\xc8\v2.46\pic\sources\c99\common\abs.c estimated size: 52

C:\Program Files\Microchip\xc8\v2.46\pic\sources\c99\common\awmod.c
		___awmod       		CODE           	26EA	0000	176

C:\Program Files\Microchip\xc8\v2.46\pic\sources\c99\common\awmod.c estimated size: 176

MCAL/ADC/mcal_adc.c
		_adc_input_channel_port_configure		CODE           	23B4	0000	216
		_ADC_GetConversion_Blocking		CODE           	2DD0	0000	96
		_ADC_GetConversionResult		CODE           	2A1A	0000	146
		_adc_result_format		CODE           	2F7A	0000	72
		_adc_voltage_reference		CODE           	2F2C	0000	78
		_ADC_StartConversion		CODE           	315E	0000	24
		_ADC_Init      		CODE           	2844	0000	162
		_ISR_ADC       		CODE           	319C	0000	4

MCAL/ADC/mcal_adc.c estimated size: 798

